Found 23 test(s).
docker : Creating test database for alias 'default' 
('test_menu_engineering')...
At line:1 char:1
+ docker compose exec backend python manage.py test 
menu.tests.test_men ...
+ ~~~~~~~~~~~~~~~~~~~~~~~~~~~~~~~~~~~~~~~~~~~~~~~~~~~~~~~~~~~~~
~~~~~~~~
    + CategoryInfo          : NotSpecified: (Creating test d.. 
   .ngineering')...:String) [], RemoteException
    + FullyQualifiedErrorId : NativeCommandError
 
Operations to perform:
  Synchronize unmigrated apps: corsheaders, drf_spectacular, messages, phonenumber_field, rest_framework, staticfiles
  Apply all migrations: admin, auth, contenttypes, knox, menu, sessions, users
Synchronizing apps without migrations:
  Creating tables...
    Running deferred SQL...
Running migrations:
  Applying contenttypes.0001_initial... OK
  Applying contenttypes.0002_remove_content_type_name... OK
  Applying auth.0001_initial... OK
  Applying auth.0002_alter_permission_name_max_length... OK
  Applying auth.0003_alter_user_email_max_length... OK
  Applying auth.0004_alter_user_username_opts... OK
  Applying auth.0005_alter_user_last_login_null... OK
  Applying auth.0006_require_contenttypes_0002... OK
  Applying auth.0007_alter_validators_add_error_messages... OK
  Applying auth.0008_alter_user_username_max_length... OK
  Applying auth.0009_alter_user_last_name_max_length... OK
  Applying auth.0010_alter_group_name_max_length... OK
  Applying auth.0011_update_proxy_permissions... OK
  Applying auth.0012_alter_user_first_name_max_length... OK
  Applying users.0001_initial... OK
  Applying admin.0001_initial... OK
  Applying admin.0002_logentry_remove_auto_add... OK
  Applying admin.0003_logentry_add_action_flag_choices... OK
  Applying knox.0001_initial... OK
  Applying knox.0002_auto_20150916_1425... OK
  Applying knox.0003_auto_20150916_1526... OK
  Applying knox.0004_authtoken_expires... OK
  Applying knox.0005_authtoken_token_key... OK
  Applying knox.0006_auto_20160818_0932... OK
  Applying knox.0007_auto_20190111_0542... OK
  Applying knox.0008_remove_authtoken_salt... OK
  Applying knox.0009_extend_authtoken_field... OK
  Applying menu.0001_initial... OK
  Applying sessions.0001_initial... OK
System check identified no issues (0 silenced).
test_batch_classification (menu.tests.test_menu_classifier.Test
BatchClassification.test_batch_classification)
Test batch classification returns correct number of results. 
... ok
test_batch_uses_batch_averages (menu.tests.test_menu_classifier
.TestBatchClassification.test_batch_uses_batch_averages)
Test that batch classification uses batch-computed averages. 
... ok
test_empty_batch (menu.tests.test_menu_classifier.TestBatchClas
sification.test_empty_batch)
Test that empty batch returns empty list. ... ok
test_single_item_batch (menu.tests.test_menu_classifier.TestBat
chClassification.test_single_item_batch)
Test batch with single item. ... ok
test_classify_menu_item_function (menu.tests.test_menu_classifi
er.TestConvenienceFunctions.test_classify_menu_item_function)
Test the classify_menu_item convenience function. ... ok
test_classify_menu_items_batch_function (menu.tests.test_menu_c
lassifier.TestConvenienceFunctions.test_classify_menu_items_bat
ch_function)
Test the classify_menu_items_batch convenience function. ... ok
test_description_length_optional (menu.tests.test_menu_classifi
er.TestEdgeCases.test_description_length_optional)
Test that description_length is optional. ... ok
test_float_values (menu.tests.test_menu_classifier.TestEdgeCase
s.test_float_values)
Test handling of float values. ... ERROR
test_very_large_numbers (menu.tests.test_menu_classifier.TestEd
geCases.test_very_large_numbers)
Test handling of very large numbers. ... ok
test_very_small_numbers (menu.tests.test_menu_classifier.TestEd
geCases.test_very_small_numbers)
Test handling of very small (but positive) numbers. ... ok
test_custom_thresholds (menu.tests.test_menu_classifier.TestMen
uEngineeringClassifier.test_custom_thresholds)
Test classification with custom thresholds. ... ERROR
test_custom_thresholds_change_classification (menu.tests.test_m
enu_classifier.TestMenuEngineeringClassifier.test_custom_thresh
olds_change_classification)
Test that custom thresholds can change classification. ... ok
test_dog_classification (menu.tests.test_menu_classifier.TestMe
nuEngineeringClassifier.test_dog_classification)
Test that low popularity + low profit = Dog. ... ok
test_dog_recommendations (menu.tests.test_menu_classifier.TestM
enuEngineeringClassifier.test_dog_recommendations)
Test that Dogs get appropriate recommendations. ... ok
test_high_confidence_clear_star (menu.tests.test_menu_classifie
r.TestMenuEngineeringClassifier.test_high_confidence_clear_star
)
Test high confidence for clear Star (both metrics very high). 
... ok
test_lower_confidence_borderline (menu.tests.test_menu_classifi
er.TestMenuEngineeringClassifier.test_lower_confidence_borderli
ne)
Test lower confidence for borderline cases. ... ok
test_negative_margin_handling (menu.tests.test_menu_classifier.
TestMenuEngineeringClassifier.test_negative_margin_handling)
Test handling of negative margin (cost > price). ... FAIL
test_plowhorse_classification (menu.tests.test_menu_classifier.
TestMenuEngineeringClassifier.test_plowhorse_classification)
Test that high popularity + low profit = Plowhorse. ... ok
test_profit_margin_calculation (menu.tests.test_menu_classifier
.TestMenuEngineeringClassifier.test_profit_margin_calculation)
Test that profit margin is correctly calculated. ... ERROR
test_puzzle_classification (menu.tests.test_menu_classifier.Tes
tMenuEngineeringClassifier.test_puzzle_classification)
Test that low popularity + high profit = Puzzle. ... ok
test_star_classification (menu.tests.test_menu_classifier.TestM
enuEngineeringClassifier.test_star_classification)
Test that high popularity + high profit = Star. ... FAIL
test_star_recommendations (menu.tests.test_menu_classifier.Test
MenuEngineeringClassifier.test_star_recommendations)
Test that Stars get appropriate recommendations. ... ok
test_zero_price_handling (menu.tests.test_menu_classifier.TestM
enuEngineeringClassifier.test_zero_price_handling)
Test handling of zero price (edge case). ... ok

===============================================================
=======
ERROR: test_float_values (menu.tests.test_menu_classifier.TestE
dgeCases.test_float_values)
Test handling of float values.
---------------------------------------------------------------
-------
Traceback (most recent call last):
  File "/app/menu/tests/test_menu_classifier.py", line 288, in 
test_float_values
    self.assertIsInstance(result["metrics"]["profit_margin"], 
float)
                          ~~~~~~~~~~~~~~~~~^^^^^^^^^^^^^^^^^
KeyError: 'profit_margin'

===============================================================
=======
ERROR: test_custom_thresholds (menu.tests.test_menu_classifier.
TestMenuEngineeringClassifier.test_custom_thresholds)
Test classification with custom thresholds.
---------------------------------------------------------------
-------
Traceback (most recent call last):
  File "/app/menu/tests/test_menu_classifier.py", line 149, in 
test_custom_thresholds
    result = self.classifier.classify_item(
        purchases=30,
    ...<3 lines>...
        avg_margin=0.4,  # Custom: avg margin is 40%
    )
TypeError: MenuEngineeringClassifier.classify_item() got an 
unexpected keyword argument 'avg_margin'

===============================================================
=======
ERROR: test_profit_margin_calculation (menu.tests.test_menu_cla
ssifier.TestMenuEngineeringClassifier.test_profit_margin_calcul
ation)
Test that profit margin is correctly calculated.
---------------------------------------------------------------
-------
Traceback (most recent call last):
  File "/app/menu/tests/test_menu_classifier.py", line 98, in 
test_profit_margin_calculation
    self.assertAlmostEqual(result.metrics["profit_margin"], 
0.6, places=2)
                           ~~~~~~~~~~~~~~^^^^^^^^^^^^^^^^^
KeyError: 'profit_margin'

===============================================================
=======
FAIL: test_negative_margin_handling (menu.tests.test_menu_class
ifier.TestMenuEngineeringClassifier.test_negative_margin_handli
ng)
Test handling of negative margin (cost > price).
---------------------------------------------------------------
-------
Traceback (most recent call last):
  File "/app/menu/tests/test_menu_classifier.py", line 118, in 
test_negative_margin_handling
    self.assertEqual(result.category, "Dog")
    ~~~~~~~~~~~~~~~~^^^^^^^^^^^^^^^^^^^^^^^^
AssertionError: 'Plowhorse' != 'Dog'
- Plowhorse
+ Dog


===============================================================
=======
FAIL: test_star_classification (menu.tests.test_menu_classifier
.TestMenuEngineeringClassifier.test_star_classification)
Test that high popularity + high profit = Star.
---------------------------------------------------------------
-------
Traceback (most recent call last):
  File "/app/menu/tests/test_menu_classifier.py", line 35, in 
test_star_classification
    self.assertIn("popularity", result.metrics)
    ~~~~~~~~~~~~~^^^^^^^^^^^^^^^^^^^^^^^^^^^^^^
AssertionError: 'popularity' not found in {'purchases': 100, 
'price': 25.0, 'cost': 10.0, 'margin_amount': 15.0, 
'margin_percent': 60.0, 'popularity_threshold': 50, 
'profitability_threshold': 30.0, 'above_popularity_avg': True, 
'above_profitability_avg': True}

---------------------------------------------------------------
-------
Ran 23 tests in 0.089s

FAILED (failures=2, errors=3)
Destroying test database for alias 'default' 
('test_menu_engineering')...
